01
7
0
1 2 4 5 6
0,'1',1
0,'0',3
1,'1',6
1,'0',2
3,'1',3
3,'0',3
6,'1',6
6,'0',5
2,'1',4
2,'0',2
5,'1',6
5,'0',5
4,'1',6
4,'0',2