bcd
6
3
1 3 5
3,'d',2
3,'b',4
3,'c',5
2,'d',2
2,'b',2
2,'c',2
4,'d',1
4,'b',0
4,'c',2
5,'d',2
5,'b',4
5,'c',5
1,'d',2
1,'b',4
1,'c',2
0,'d',1
0,'b',0
0,'c',2