abcde
16
6
4 6 7 8 9 10 11 12 13
6,'d',1
6,'a',0
6,'c',11
6,'b',4
6,'e',2
1,'d',2
1,'a',10
1,'c',2
1,'b',2
1,'e',2
0,'d',2
0,'a',2
0,'c',2
0,'b',2
0,'e',8
11,'d',1
11,'a',0
11,'c',11
11,'b',4
11,'e',2
4,'d',1
4,'a',0
4,'c',11
4,'b',4
4,'e',2
2,'d',2
2,'a',2
2,'c',2
2,'b',2
2,'e',2
10,'d',5
10,'a',15
10,'c',2
10,'b',2
10,'e',2
8,'d',3
8,'a',0
8,'c',2
8,'b',2
8,'e',2
5,'d',2
5,'a',12
5,'c',2
5,'b',2
5,'e',2
15,'d',2
15,'a',2
15,'c',2
15,'b',2
15,'e',7
3,'d',2
3,'a',9
3,'c',2
3,'b',2
3,'e',2
12,'d',5
12,'a',15
12,'c',2
12,'b',2
12,'e',2
7,'d',3
7,'a',15
7,'c',2
7,'b',2
7,'e',2
9,'d',14
9,'a',15
9,'c',2
9,'b',2
9,'e',2
14,'d',2
14,'a',13
14,'c',2
14,'b',2
14,'e',2
13,'d',14
13,'a',15
13,'c',2
13,'b',2
13,'e',2