01
9
7
0 8 4
7,'0',4
7,'1',3
4,'0',4
4,'1',1
3,'0',0
3,'1',5
1,'0',0
1,'1',5
0,'0',4
0,'1',1
5,'0',8
5,'1',5
8,'0',2
8,'1',6
2,'0',2
2,'1',2
6,'0',8
6,'1',5