01
11
0
23
0,'0',12313
0,'1',24
12313,'0',45
12313,'1',161415
24,'0',24
24,'1',24
45,'0',24
45,'1',166781215
161415,'0',24
161415,'1',1718192122
166781215,'0',910
166781215,'1',1718192122
1718192122,'0',23
1718192122,'1',19202122
910,'0',24
910,'1',168111215
23,'0',24
23,'1',24
19202122,'0',23
19202122,'1',19202122
168111215,'0',910
168111215,'1',1718192122