abc
6
4
5
4,'c',5
4,'b',1
4,'a',2
5,'c',0
5,'b',0
5,'a',0
1,'c',5
1,'b',1
1,'a',2
2,'c',5
2,'b',1
2,'a',3
0,'c',0
0,'b',0
0,'a',0
3,'c',5
3,'b',1
3,'a',3