ab
4
01247
01247 124567 123467
01247,'a',123467
01247,'b',124567
123467,'a',123467
123467,'b',124567
124567,'a',123467
124567,'b',124567