abd
7
0121013
12789101213 1210111213 125679101213 0121013
0121013,'d',1210111213
0121013,'a',34
0121013,'b',14
1210111213,'d',1210111213
1210111213,'a',34
1210111213,'b',14
34,'d',14
34,'a',14
34,'b',125679101213
14,'d',14
14,'a',14
14,'b',14
125679101213,'d',1210111213
125679101213,'a',34
125679101213,'b',12789101213
12789101213,'d',1210111213
12789101213,'a',34
12789101213,'b',12789101213