bcd
9
4
8
4,'c',0
4,'b',7
4,'d',0
0,'c',0
0,'b',0
0,'d',0
7,'c',0
7,'b',5
7,'d',1
5,'c',0
5,'b',5
5,'d',1
1,'c',8
1,'b',3
1,'d',0
8,'c',0
8,'b',0
8,'d',0
3,'c',0
3,'b',2
3,'d',6
2,'c',0
2,'b',2
2,'d',6
6,'c',8
6,'b',3
6,'d',0