abcd
6
1
1 4 5
1,'d',4
1,'c',2
1,'b',2
1,'a',0
4,'d',4
4,'c',2
4,'b',2
4,'a',2
2,'d',2
2,'c',2
2,'b',2
2,'a',2
0,'d',2
0,'c',5
0,'b',3
0,'a',2
5,'d',2
5,'c',2
5,'b',2
5,'a',2
3,'d',2
3,'c',5
3,'b',3
3,'a',2