cdef
10
3
1 2 3 5 6 7 9
3,'d',8
3,'f',1
3,'e',4
3,'c',6
8,'d',4
8,'f',4
8,'e',7
8,'c',4
1,'d',8
1,'f',1
1,'e',4
1,'c',2
4,'d',4
4,'f',4
4,'e',4
4,'c',4
6,'d',0
6,'f',9
6,'e',4
6,'c',6
7,'d',8
7,'f',1
7,'e',4
7,'c',2
2,'d',0
2,'f',9
2,'e',4
2,'c',2
0,'d',4
0,'f',4
0,'e',5
0,'c',4
9,'d',0
9,'f',9
9,'e',4
9,'c',2
5,'d',0
5,'f',9
5,'e',4
5,'c',2