ab
4
013
45 25
013,'b',45
013,'a',25
45,'b',6
45,'a',6
25,'b',6
25,'a',6
6,'b',6
6,'a',6