ab
4
0
3
0,'a',12
0,'b',4
12,'a',4
12,'b',3
4,'a',4
4,'b',4
3,'a',4
3,'b',4