a
3
0
345 1235
0,'a',1235
1235,'a',345
345,'a',345