abcd
6
013
1011 811
013,'a',25679
013,'b',45679
013,'c',12
013,'d',12
25679,'a',12
25679,'b',12
25679,'c',811
25679,'d',1011
45679,'a',12
45679,'b',12
45679,'c',811
45679,'d',1011
12,'a',12
12,'b',12
12,'c',12
12,'d',12
811,'a',12
811,'b',12
811,'c',12
811,'d',12
1011,'a',12
1011,'b',12
1011,'c',12
1011,'d',12