abcd
6
2
3 4
2,'d',1
2,'b',1
2,'a',5
2,'c',0
1,'d',1
1,'b',1
1,'a',1
1,'c',1
5,'d',1
5,'b',3
5,'a',1
5,'c',1
0,'d',4
0,'b',1
0,'a',1
0,'c',1
3,'d',1
3,'b',1
3,'a',1
3,'c',1
4,'d',1
4,'b',1
4,'a',1
4,'c',1