abc
5
0134
7
0134,'b',56
0134,'c',8
0134,'a',1234
56,'b',8
56,'c',7
56,'a',8
8,'b',8
8,'c',8
8,'a',8
1234,'b',56
1234,'c',8
1234,'a',1234
7,'b',8
7,'c',8
7,'a',8