abc
6
012459
9234 012459 89
012459,'a',9234
012459,'b',67
012459,'c',10
9234,'a',9234
9234,'b',10
9234,'c',10
67,'a',10
67,'b',10
67,'c',89
10,'a',10
10,'b',10
10,'c',10
89,'a',10
89,'b',10
89,'c',10